--- Startup times for process: Primary/TUI ---

times in msec
 clock   self+sourced   self:  sourced script
 clock   elapsed:              other lines

000.001  000.001: --- NVIM STARTING ---
000.217  000.216: event init
000.344  000.127: early init
000.414  000.070: locale set
000.489  000.076: init first window
000.897  000.408: inits 1
000.908  000.011: window checked
000.910  000.002: parsing arguments
001.557  000.056  000.056: require('vim.shared')
001.674  000.055  000.055: require('vim.inspect')
001.744  000.053  000.053: require('vim._options')
001.747  000.183  000.074: require('vim._editor')
001.748  000.304  000.065: require('vim._init_packages')
001.751  000.537: init lua interpreter
003.192  001.441: --- NVIM STARTED ---

--- Startup times for process: Embedded ---

times in msec
 clock   self+sourced   self:  sourced script
 clock   elapsed:              other lines

000.001  000.001: --- NVIM STARTING ---
000.438  000.437: event init
000.695  000.257: early init
000.867  000.171: locale set
000.995  000.128: init first window
001.832  000.837: inits 1
001.869  000.037: window checked
001.874  000.005: parsing arguments
003.398  000.137  000.137: require('vim.shared')
003.665  000.145  000.145: require('vim.inspect')
003.839  000.133  000.133: require('vim._options')
003.844  000.430  000.151: require('vim._editor')
003.848  000.652  000.085: require('vim._init_packages')
003.853  001.328: init lua interpreter
004.075  000.222: expanding arguments
004.136  000.061: inits 2
005.044  000.909: init highlight
005.048  000.004: waiting for UI
005.510  000.462: done waiting for UI
005.544  000.034: clear screen
005.729  000.021  000.021: require('vim.keymap')
007.453  001.903  001.882: require('vim._defaults')
007.461  000.015: init default mappings & autocommands
009.021  000.125  000.125: sourcing /usr/share/nvim/runtime/ftplugin.vim
009.313  000.128  000.128: sourcing /usr/share/nvim/runtime/indent.vim
009.538  000.067  000.067: sourcing $VIM/sysinit.vim
011.666  001.226  001.226: require('lazy')
011.708  000.027  000.027: require('ffi')
011.787  000.046  000.046: require('vim.fs')
011.975  000.179  000.179: require('vim.uri')
012.002  000.291  000.066: require('vim.loader')
012.389  000.361  000.361: require('lazy.stats')
012.572  000.160  000.160: require('lazy.core.util')
012.735  000.160  000.160: require('lazy.core.config')
012.929  000.071  000.071: require('lazy.core.handler')
013.282  000.151  000.151: require('lazy.pkg')
013.290  000.275  000.124: require('lazy.core.meta')
013.302  000.370  000.096: require('lazy.core.plugin')
013.312  000.574  000.133: require('lazy.core.loader')
013.742  000.111  000.111: require('lazy.core.fragments')
016.686  001.495  001.495: require('blink.cmp')
016.867  000.081  000.081: require('blink.cmp.config.utils')
016.968  000.097  000.097: require('blink.cmp.config.keymap')
017.161  000.075  000.075: require('blink.cmp.config.completion.keyword')
017.227  000.062  000.062: require('blink.cmp.config.completion.trigger')
017.337  000.108  000.108: require('blink.cmp.config.completion.list')
017.484  000.144  000.144: require('blink.cmp.config.completion.accept')
017.595  000.108  000.108: require('blink.cmp.config.completion.menu')
017.683  000.085  000.085: require('blink.cmp.config.completion.documentation')
017.784  000.098  000.098: require('blink.cmp.config.completion.ghost_text')
017.787  000.816  000.136: require('blink.cmp.config.completion')
017.862  000.074  000.074: require('blink.cmp.config.fuzzy')
017.950  000.085  000.085: require('blink.cmp.config.sources')
018.036  000.083  000.083: require('blink.cmp.config.signature')
018.133  000.095  000.095: require('blink.cmp.config.snippets')
018.289  000.150  000.150: require('blink.cmp.config.appearance')
018.296  001.591  000.109: require('blink.cmp.config')
020.007  000.147  000.147: require('blink.cmp.lib.async')
020.464  000.215  000.215: require('blink.cmp.lib.utils')
020.673  000.206  000.206: require('blink.cmp.fuzzy.download.system')
020.705  000.576  000.155: require('blink.cmp.fuzzy.download.files')
020.708  000.697  000.121: require('blink.cmp.fuzzy.download.git')
020.712  001.055  000.210: require('blink.cmp.fuzzy.download')
020.846  000.075  000.075: require('vim._system')
025.092  000.114  000.114: require('lazy.core.handler.keys')
025.228  000.126  000.126: require('lazy.core.handler.event')
025.353  000.119  000.119: require('lazy.core.handler.cmd')
025.476  000.117  000.117: require('lazy.core.handler.ft')
025.947  000.020  000.020: sourcing /home/peter/.local/share/nvim/site/ftdetect/ghostty.vim
026.010  000.278  000.258: sourcing /usr/share/nvim/runtime/filetype.lua
026.521  000.393  000.393: require('leeward')
026.572  000.047  000.047: require('leeward.option')
026.877  000.055  000.055: require('leeward.colors')
027.096  000.137  000.137: require('leeward.utils')
027.129  000.250  000.113: require('leeward.colors.leeward')
027.256  000.121  000.121: require('leeward.groups')
027.388  000.128  000.128: require('leeward.groups.builtin')
027.451  000.053  000.053: require('leeward.groups.syntax')
027.520  000.063  000.063: require('leeward.groups.diagnostic')
027.568  000.046  000.046: require('leeward.groups.gitsigns')
027.615  000.043  000.043: require('leeward.groups.hop')
027.656  000.039  000.039: require('leeward.groups.misc')
027.711  000.052  000.052: require('leeward.groups.smoothcursor')
027.757  000.043  000.043: require('leeward.groups.telescope')
027.802  000.042  000.042: require('leeward.groups.treesitter')
027.873  000.066  000.066: require('leeward.groups.whichkey')
029.323  000.445  000.445: sourcing /home/peter/.local/share/nvim/lazy/leeward.nvim/colors/leeward.lua
029.912  000.062  000.062: sourcing /home/peter/.local/share/nvim/lazy/blink.cmp/plugin/blink-cmp.lua
030.359  000.401  000.401: require('blink-cmp')
031.226  000.126  000.126: require('mason-core.path')
031.759  000.196  000.196: require('mason-core.functional')
031.980  000.090  000.090: require('mason-core.functional.data')
031.988  000.213  000.123: require('mason-core.functional.function')
032.075  000.068  000.068: require('mason-core.functional.relation')
032.154  000.067  000.067: require('mason-core.functional.logic')
032.171  000.941  000.397: require('mason-core.platform')
032.264  000.091  000.091: require('mason.settings')
032.277  001.667  000.508: require('mason')
032.562  000.158  000.158: require('mason-core.functional.list')
032.657  000.087  000.087: require('mason-core.functional.string')
032.688  000.397  000.152: require('mason.api.command')
032.795  000.095  000.095: require('mason-registry.sources')
033.345  000.366  000.366: require('mason-core.log')
033.498  000.150  000.150: require('mason-lspconfig.settings')
033.504  000.662  000.146: require('mason-lspconfig')
033.664  000.050  000.050: require('mason-lspconfig.notify')
033.672  000.166  000.115: require('mason-lspconfig.lspconfig_hook')
034.052  000.133  000.133: require('vim.lsp.log')
034.474  000.418  000.418: require('vim.lsp.protocol')
034.808  000.152  000.152: require('vim.lsp._snippet_grammar')
034.858  000.047  000.047: require('vim.highlight')
034.886  000.005  000.005: require('vim.F')
034.899  000.420  000.217: require('vim.lsp.util')
034.993  000.041  000.041: require('vim.lsp.sync')
034.998  000.097  000.055: require('vim.lsp._changetracking')
035.107  000.107  000.107: require('vim.lsp.rpc')
035.211  001.477  000.302: require('vim.lsp')
035.296  001.623  000.146: require('lspconfig.util')
035.498  000.047  000.047: require('mason-core.functional.table')
035.538  000.238  000.191: require('mason-lspconfig.mappings.server')
035.662  000.041  000.041: require('mason-core.EventEmitter')
035.706  000.041  000.041: require('mason-core.optional')
035.850  000.093  000.093: require('mason-core.async')
035.901  000.046  000.046: require('mason-core.async.uv')
035.907  000.199  000.060: require('mason-core.fs')
035.928  000.388  000.107: require('mason-registry')
035.979  000.048  000.048: require('mason-lspconfig.server_config_extensions')
036.174  000.091  000.091: require('lspconfig.async')
036.178  000.196  000.105: require('lspconfig.configs')
036.293  000.114  000.114: require('lspconfig.configs.omnisharp')
036.819  000.079  000.079: require('mason-core.functional.number')
036.850  000.226  000.147: require('mason-lspconfig.api.command')
037.502  000.430  000.430: require('lazydev')
037.598  000.093  000.093: require('lazydev.config')
037.758  000.098  000.098: require('lazydev.util')
037.985  000.108  000.108: sourcing /home/peter/.local/share/nvim/lazy/nvim-lspconfig/plugin/lspconfig.lua
038.233  000.095  000.095: require('blink.cmp.lib.event_emitter')
038.240  000.228  000.132: require('blink.cmp.sources.lib')
038.386  000.132  000.132: require('lspconfig')
038.483  000.093  000.093: require('lspconfig.configs.lua_ls')
039.593  000.136  000.136: require('lspconfig.manager')
039.861  000.224  000.224: require('lspconfig.configs.pylsp')
040.345  000.185  000.185: require('mason-lspconfig.server_configurations.pylsp')
040.592  000.166  000.166: require('lspconfig.configs.dockerls')
042.635  000.108  000.108: require('nvim-treesitter.utils')
043.225  000.043  000.043: require('vim.treesitter.language')
043.263  000.034  000.034: require('vim.func')
043.336  000.042  000.042: require('vim.func._memoize')
043.350  000.244  000.126: require('vim.treesitter.query')
043.394  000.042  000.042: require('vim.treesitter._range')
043.405  000.390  000.104: require('vim.treesitter.languagetree')
043.410  000.453  000.063: require('vim.treesitter')
044.192  001.552  001.099: require('nvim-treesitter.parsers')
044.495  000.050  000.050: require('nvim-treesitter.compat')
044.651  000.093  000.093: require('nvim-treesitter.ts_utils')
044.659  000.160  000.068: require('nvim-treesitter.tsrange')
044.711  000.050  000.050: require('nvim-treesitter.caching')
044.722  000.351  000.090: require('nvim-treesitter.query')
044.740  000.461  000.109: require('nvim-treesitter.configs')
044.745  000.550  000.089: require('nvim-treesitter.info')
044.854  000.107  000.107: require('nvim-treesitter.shell_command_selectors')
044.911  002.504  000.187: require('nvim-treesitter.install')
044.967  000.053  000.053: require('nvim-treesitter.statusline')
045.054  000.085  000.085: require('nvim-treesitter.query_predicates')
045.058  003.067  000.425: require('nvim-treesitter')
045.443  003.508  000.441: sourcing /home/peter/.local/share/nvim/lazy/nvim-treesitter/plugin/nvim-treesitter.lua
047.170  000.113  000.113: require('nvim-treesitter.highlight')
047.448  000.046  000.046: sourcing /home/peter/.local/share/nvim/lazy/nvim-web-devicons/plugin/nvim-web-devicons.vim
047.925  000.252  000.252: require('render-markdown')
048.233  000.065  000.065: require('render-markdown.core.range')
048.344  000.109  000.109: require('render-markdown.core.util')
048.350  000.283  000.109: require('render-markdown.config')
048.443  000.092  000.092: require('render-markdown.core.log')
048.523  000.078  000.078: require('render-markdown.presets')
048.591  000.065  000.065: require('render-markdown.core.treesitter')
048.596  000.668  000.151: require('render-markdown.state')
049.018  000.084  000.084: require('render-markdown.core.buffer_state')
049.261  000.068  000.068: require('render-markdown.lib.str')
049.278  000.166  000.098: require('render-markdown.core.conceal')
049.368  000.089  000.089: require('render-markdown.lib.node')
049.380  000.359  000.104: require('render-markdown.core.context')
049.458  000.077  000.077: require('render-markdown.core.extmark')
049.524  000.063  000.063: require('render-markdown.lib.iter')
049.678  000.081  000.081: require('render-markdown.lib.list')
049.683  000.157  000.076: require('render-markdown.handler.html')
049.767  000.082  000.082: require('render-markdown.handler.latex')
049.847  000.077  000.077: require('render-markdown.handler.markdown')
049.933  000.084  000.084: require('render-markdown.handler.markdown_inline')
049.941  001.099  000.117: require('render-markdown.core.ui')
050.038  000.094  000.094: require('render-markdown.colors')
050.572  000.266  000.266: require('render-markdown.manager')
050.585  000.358  000.092: require('render-markdown.api')
050.588  000.433  000.074: require('render-markdown.command')
050.956  000.198  000.198: require('render-markdown.integ.source')
050.971  000.358  000.160: require('render-markdown.integ.cmp')
051.627  004.023  001.120: sourcing /home/peter/.local/share/nvim/lazy/render-markdown.nvim/plugin/render-markdown.lua
052.581  000.650  000.650: require('present')
053.153  000.041  000.041: sourcing /home/peter/.local/share/nvim/lazy/plenary.nvim/plugin/plenary.vim
053.872  000.271  000.271: sourcing /home/peter/.local/share/nvim/lazy/telescope.nvim/plugin/telescope.lua
054.349  000.138  000.138: require('telescope._extensions')
054.354  000.458  000.320: require('telescope')
054.693  000.066  000.066: require('plenary.bit')
054.757  000.059  000.059: require('plenary.functional')
054.788  000.272  000.147: require('plenary.path')
054.802  000.339  000.067: require('plenary.strings')
054.859  000.056  000.056: require('telescope.deprecated')
055.180  000.168  000.168: require('plenary.log')
055.243  000.285  000.116: require('telescope.log')
055.837  000.369  000.369: require('plenary.compat')
055.849  000.469  000.100: require('plenary.job')
055.913  000.062  000.062: require('telescope.state')
055.931  000.685  000.154: require('telescope.utils')
055.940  001.078  000.109: require('telescope.sorters')
057.448  003.093  001.620: require('telescope.config')
058.331  000.189  000.189: require('telescope.builtin')
058.820  000.221  000.221: sourcing /home/peter/.local/share/nvim/lazy/undotree/plugin/undotree.vim
059.719  000.042  000.042: require('harpoon.utils')
059.725  000.120  000.078: require('harpoon.logger')
059.857  000.039  000.039: require('harpoon.autocmd')
059.861  000.085  000.045: require('harpoon.buffer')
059.910  000.048  000.048: require('harpoon.extensions')
059.915  000.188  000.056: require('harpoon.ui')
059.967  000.051  000.051: require('harpoon.data')
060.020  000.050  000.050: require('harpoon.config')
060.072  000.050  000.050: require('harpoon.list')
064.251  005.053  004.593: require('harpoon')
065.154  000.070  000.070: require('ibl.utils')
065.160  000.159  000.089: require('ibl.config')
065.300  000.061  000.061: require('ibl.indent')
065.306  000.144  000.083: require('ibl.hooks')
065.311  000.382  000.080: require('ibl.highlights')
065.364  000.052  000.052: require('ibl.autocmds')
065.428  000.061  000.061: require('ibl.inlay_hints')
065.478  000.048  000.048: require('ibl.virt_text')
065.758  000.232  000.232: require('ibl.scope_languages')
065.762  000.282  000.050: require('ibl.scope')
065.770  001.200  000.375: require('ibl')
065.904  000.098  000.098: require('vim.iter')
066.068  000.145  000.145: require('vim.lsp.handlers')
066.727  000.056  000.056: sourcing /usr/share/nvim/runtime/plugin/editorconfig.lua
066.972  000.191  000.191: sourcing /usr/share/nvim/runtime/plugin/gzip.vim
067.071  000.060  000.060: sourcing /usr/share/nvim/runtime/plugin/man.lua
070.181  000.303  000.303: sourcing /usr/share/nvim/runtime/pack/dist/opt/matchit/plugin/matchit.vim
070.220  003.111  002.809: sourcing /usr/share/nvim/runtime/plugin/matchit.vim
070.447  000.165  000.165: sourcing /usr/share/nvim/runtime/plugin/matchparen.vim
070.812  000.323  000.323: sourcing /usr/share/nvim/runtime/plugin/netrwPlugin.vim
070.963  000.098  000.098: sourcing /usr/share/nvim/runtime/plugin/osc52.lua
071.176  000.163  000.163: sourcing /usr/share/nvim/runtime/plugin/rplugin.vim
071.338  000.101  000.101: sourcing /usr/share/nvim/runtime/plugin/shada.vim
071.411  000.022  000.022: sourcing /usr/share/nvim/runtime/plugin/spellfile.vim
071.548  000.098  000.098: sourcing /usr/share/nvim/runtime/plugin/tarPlugin.vim
071.778  000.177  000.177: sourcing /usr/share/nvim/runtime/plugin/tohtml.lua
071.846  000.021  000.021: sourcing /usr/share/nvim/runtime/plugin/tutor.vim
072.050  000.163  000.163: sourcing /usr/share/nvim/runtime/plugin/zipPlugin.vim
072.695  000.309  000.309: sourcing /home/peter/.local/share/nvim/lazy/indent-blankline.nvim/after/plugin/commands.lua
072.862  063.137  021.029: require('config.lazy')
073.514  000.649  000.649: require('config.config.set')
073.672  000.154  000.154: require('config.config.remap')
073.690  064.050  000.111: sourcing /home/peter/.config/nvim/init.lua
073.698  001.867: sourcing vimrc file(s)
074.263  000.078  000.078: sourcing /usr/share/nvim/runtime/filetype.lua
074.629  000.076  000.076: sourcing /usr/share/nvim/runtime/syntax/synload.vim
074.717  000.306  000.230: sourcing /usr/share/nvim/runtime/syntax/syntax.vim
074.723  000.640: inits 3
078.392  003.669: reading ShaDa
078.841  000.449: opening buffers
078.880  000.039: BufEnter autocommands
078.882  000.002: editing files in windows
079.032  000.149: VimEnter autocommands
079.077  000.045: UIEnter autocommands
085.973  006.726  006.726: sourcing /usr/share/nvim/runtime/autoload/provider/clipboard.vim
086.095  000.292: before starting main loop
086.763  000.668: first screen update
086.768  000.005: --- NVIM STARTED ---

